// Jest Snapshot v1, https://goo.gl/fbAQLP

exports[`Tic-Tac-Toe/Game Initial play-test 1`] = `
<div class="game">
  <div class="game-board">
    <div class="status">
      Winner: X
    </div>
    <div class="board-row">
      <button class="square">
        X
      </button>
      <button class="square">
        O
      </button>
      <button class="square">
        X
      </button>
    </div>
    <div class="board-row">
      <button class="square">
        O
      </button>
      <button class="square">
        X
      </button>
      <button class="square">
        O
      </button>
    </div>
    <div class="board-row">
      <button class="square">
        X
      </button>
      <button class="square">
      </button>
      <button class="square">
      </button>
    </div>
  </div>
  <div class="game-info">
    <ol>
      <li>
        <button>
          Go to game start
        </button>
      </li>
      <li>
        <button>
          Go to move #1
        </button>
      </li>
      <li>
        <button>
          Go to move #2
        </button>
      </li>
      <li>
        <button>
          Go to move #3
        </button>
      </li>
      <li>
        <button>
          Go to move #4
        </button>
      </li>
      <li>
        <button>
          Go to move #5
        </button>
      </li>
      <li>
        <button>
          Go to move #6
        </button>
      </li>
      <li>
        <button>
          Go to move #7
        </button>
      </li>
    </ol>
  </div>
</div>
`;
