// Jest Snapshot v1, https://goo.gl/fbAQLP

exports[`Tic-Tac-Toe/Square CheckActions smoke-test 1`] = `
<button class="square">
</button>
`;

exports[`Tic-Tac-Toe/Square CheckParameters smoke-test 1`] = `
<button class="square">
</button>
`;

exports[`Tic-Tac-Toe/Square O smoke-test 1`] = `
<button class="square">
  O
</button>
`;

exports[`Tic-Tac-Toe/Square Triangle smoke-test 1`] = `
<button class="square">
  â–³
</button>
`;

exports[`Tic-Tac-Toe/Square Void smoke-test 1`] = `
<button class="square">
</button>
`;

exports[`Tic-Tac-Toe/Square X smoke-test 1`] = `
<button class="square">
  X
</button>
`;
